[18Nov2024 00:02:55.567] [Server thread/WARN] [net.minecraft.server.network.ServerGamePacketListenerImpl/]: Strider (vehicle of Silent_Death1921) moved wrongly! 0.9246646494423203
[18Nov2024 00:02:55.680] [Server thread/WARN] [net.minecraft.server.network.ServerGamePacketListenerImpl/]: Strider (vehicle of Silent_Death1921) moved wrongly! 1.2679454058968531
[18Nov2024 00:02:55.682] [Server thread/WARN] [net.minecraft.server.network.ServerGamePacketListenerImpl/]: Strider (vehicle of Silent_Death1921) moved wrongly! 1.6397319826128296
[18Nov2024 00:07:51.458] [Server thread/INFO] [net.minecraft.server.network.ServerGamePacketListenerImpl/]: Silent_Death1921 lost connection: Disconnected
[18Nov2024 00:07:51.461] [Server thread/INFO] [net.minecraft.server.MinecraftServer/]: Silent_Death1921 left the game
[18Nov2024 00:07:51.469] [Server thread/INFO] [xaero.pac.OpenPartiesAndClaims/]: Updating all forceload tickets for 29aaeaa0-08f9-4b83-89ec-76d4c523d028
[18Nov2024 00:07:56.193] [Server thread/INFO] [net.minecraft.server.MinecraftServer/]: Stopping the server
[18Nov2024 00:07:56.291] [Server thread/INFO] [net.minecraft.server.MinecraftServer/]: Stopping server
[18Nov2024 00:07:56.317] [Server thread/INFO] [net.minecraft.server.MinecraftServer/]: Saving players
[18Nov2024 00:07:56.318] [Server thread/INFO] [net.minecraft.server.MinecraftServer/]: Saving worlds
[18Nov2024 00:07:56.475] [Server thread/INFO] [net.minecraft.server.MinecraftServer/]: Saving chunks for level 'ServerLevel[world]'/minecraft:overworld
[18Nov2024 00:07:56.840] [Server thread/INFO] [net.minecraft.server.MinecraftServer/]: Saving chunks for level 'ServerLevel[world]'/deeperdarker:otherside
[18Nov2024 00:07:56.842] [Server thread/INFO] [net.minecraft.server.MinecraftServer/]: Saving chunks for level 'ServerLevel[world]'/aether:the_aether
[18Nov2024 00:07:56.948] [Server thread/INFO] [net.minecraft.server.MinecraftServer/]: Saving chunks for level 'ServerLevel[world]'/minecraft:the_end
[18Nov2024 00:07:56.950] [Server thread/INFO] [net.minecraft.server.MinecraftServer/]: Saving chunks for level 'ServerLevel[world]'/blue_skies:everbright
[18Nov2024 00:07:56.954] [Server thread/INFO] [net.minecraft.server.MinecraftServer/]: Saving chunks for level 'ServerLevel[world]'/minecraft:the_nether
[18Nov2024 00:07:57.009] [Server thread/INFO] [net.minecraft.server.MinecraftServer/]: Saving chunks for level 'ServerLevel[world]'/blue_skies:everdawn
[18Nov2024 00:07:57.010] [Server thread/INFO] [net.minecraft.server.MinecraftServer/]: Saving chunks for level 'ServerLevel[world]'/twilightforest:twilight_forest
[18Nov2024 00:07:57.982] [Server thread/INFO] [net.minecraft.server.MinecraftServer/]: ThreadedAnvilChunkStorage (world): All chunks are saved
[18Nov2024 00:07:57.983] [Server thread/INFO] [net.minecraft.server.MinecraftServer/]: ThreadedAnvilChunkStorage (otherside): All chunks are saved
[18Nov2024 00:07:57.983] [Server thread/INFO] [net.minecraft.server.MinecraftServer/]: ThreadedAnvilChunkStorage (the_aether): All chunks are saved
[18Nov2024 00:07:57.988] [Server thread/INFO] [net.minecraft.server.MinecraftServer/]: ThreadedAnvilChunkStorage (DIM1): All chunks are saved
[18Nov2024 00:07:57.993] [Server thread/INFO] [net.minecraft.server.MinecraftServer/]: ThreadedAnvilChunkStorage (everbright): All chunks are saved
[18Nov2024 00:07:57.993] [Server thread/INFO] [net.minecraft.server.MinecraftServer/]: ThreadedAnvilChunkStorage (DIM-1): All chunks are saved
[18Nov2024 00:07:57.993] [Server thread/INFO] [net.minecraft.server.MinecraftServer/]: ThreadedAnvilChunkStorage (everdawn): All chunks are saved
[18Nov2024 00:07:57.993] [Server thread/INFO] [net.minecraft.server.MinecraftServer/]: ThreadedAnvilChunkStorage (twilight_forest): All chunks are saved
[18Nov2024 00:07:57.993] [Server thread/INFO] [net.minecraft.server.MinecraftServer/]: ThreadedAnvilChunkStorage: All dimensions are saved
[18Nov2024 00:07:58.700] [Server thread/INFO] [xaero.pac.OpenPartiesAndClaims/]: Stopping IO worker...
[18Nov2024 00:07:58.717] [Server thread/INFO] [xaero.pac.OpenPartiesAndClaims/]: Stopped IO worker!
[18Nov2024 00:07:58.842] [Server thread/INFO] [Framework/]: Unloading server configs...
[18Nov2024 00:07:58.852] [Server thread/INFO] [Framework/]: Sending config unload event for backpacked.server.toml
[18Nov2024 00:07:58.855] [Server thread/INFO] [Framework/]: Sending config unload event for goblintraders-entities.toml
