JVM info: Oracle Corporation - 21.0.5 - 21.0.5+9-LTS-239
java.net.preferIPv4Stack=true
Current Time: 04/12/2024 22:19:45
Host: files.minecraftforge.net [104.21.58.163, 172.67.161.211]
Host: maven.minecraftforge.net [104.21.58.163, 172.67.161.211]
Host: libraries.minecraft.net [13.107.246.31]
Host: launchermeta.mojang.com [13.107.246.31]
Host: piston-meta.mojang.com [13.107.246.31]
Host: sessionserver.mojang.com [13.107.246.31]
Host: authserver.mojang.com [Unknown]
Extracting main jar:
  Extracted successfully
Considering minecraft server jar
  Downloading library from https://piston-data.mojang.com/v1/objects/886945bfb2b978778c3a0288fd7fab09d315b25f/server.jar
    Download completed: Checksum validated.
Downloading libraries
Found 1 additional library directories
Considering library net.minecraftforge:forge:1.12.2-14.23.5.2860
  Extracting library from /maven/net/minecraftforge/forge/1.12.2-14.23.5.2860/forge-1.12.2-14.23.5.2860.jar
    Extraction completed: Checksum validated.
Considering library org.ow2.asm:asm-debug-all:5.2
  Downloading library from https://maven.minecraftforge.net/org/ow2/asm/asm-debug-all/5.2/asm-debug-all-5.2.jar
    Download completed: Checksum validated.
Considering library net.minecraft:launchwrapper:1.12
  Found artifact in local folder C:\Users\frank\AppData\Roaming\.minecraft\libraries
    Checksum validated
    Successfully copied local file
Considering library org.jline:jline:3.5.1
  Downloading library from https://maven.minecraftforge.net/org/jline/jline/3.5.1/jline-3.5.1.jar
    Download completed: Checksum validated.
Considering library com.typesafe.akka:akka-actor_2.11:2.3.3
  Found artifact in local folder C:\Users\frank\AppData\Roaming\.minecraft\libraries
    Checksum validated
    Successfully copied local file
Considering library com.typesafe:config:1.2.1
  Found artifact in local folder C:\Users\frank\AppData\Roaming\.minecraft\libraries
    Checksum validated
    Successfully copied local file
Considering library org.scala-lang:scala-actors-migration_2.11:1.1.0
  Found artifact in local folder C:\Users\frank\AppData\Roaming\.minecraft\libraries
    Checksum validated
    Successfully copied local file
Considering library org.scala-lang:scala-compiler:2.11.1
  Found artifact in local folder C:\Users\frank\AppData\Roaming\.minecraft\libraries
    Checksum validated
    Successfully copied local file
Considering library org.scala-lang.plugins:scala-continuations-library_2.11:1.0.2_mc
  Downloading library from https://maven.minecraftforge.net/org/scala-lang/plugins/scala-continuations-library_2.11/1.0.2_mc/scala-continuations-library_2.11-1.0.2_mc.jar
    Download completed: Checksum validated.
Considering library org.scala-lang.plugins:scala-continuations-plugin_2.11.1:1.0.2_mc
  Downloading library from https://maven.minecraftforge.net/org/scala-lang/plugins/scala-continuations-plugin_2.11.1/1.0.2_mc/scala-continuations-plugin_2.11.1-1.0.2_mc.jar
    Download completed: Checksum validated.
Considering library org.scala-lang:scala-library:2.11.1
  Found artifact in local folder C:\Users\frank\AppData\Roaming\.minecraft\libraries
    Checksum validated
    Successfully copied local file
Considering library org.scala-lang:scala-parser-combinators_2.11:1.0.1
  Found artifact in local folder C:\Users\frank\AppData\Roaming\.minecraft\libraries
    Checksum validated
    Successfully copied local file
Considering library org.scala-lang:scala-reflect:2.11.1
  Found artifact in local folder C:\Users\frank\AppData\Roaming\.minecraft\libraries
    Checksum validated
    Successfully copied local file
Considering library org.scala-lang:scala-swing_2.11:1.0.1
  Found artifact in local folder C:\Users\frank\AppData\Roaming\.minecraft\libraries
    Checksum validated
    Successfully copied local file
Considering library org.scala-lang:scala-xml_2.11:1.0.2
  Found artifact in local folder C:\Users\frank\AppData\Roaming\.minecraft\libraries
    Checksum validated
    Successfully copied local file
Considering library lzma:lzma:0.0.1
  Found artifact in local folder C:\Users\frank\AppData\Roaming\.minecraft\libraries
    Checksum validated
    Successfully copied local file
Considering library java3d:vecmath:1.5.2
  Found artifact in local folder C:\Users\frank\AppData\Roaming\.minecraft\libraries
    Checksum validated
    Successfully copied local file
Considering library net.sf.trove4j:trove4j:3.0.3
  Found artifact in local folder C:\Users\frank\AppData\Roaming\.minecraft\libraries
    Checksum validated
    Successfully copied local file
Considering library org.apache.maven:maven-artifact:3.5.3
  Downloading library from https://maven.minecraftforge.net/org/apache/maven/maven-artifact/3.5.3/maven-artifact-3.5.3.jar
    Download completed: Checksum validated.
Considering library net.sf.jopt-simple:jopt-simple:5.0.3
  Downloading library from https://libraries.minecraft.net/net/sf/jopt-simple/jopt-simple/5.0.3/jopt-simple-5.0.3.jar
    Download completed: Checksum validated.
Considering library org.apache.logging.log4j:log4j-api:2.15.0
  Found artifact in local folder C:\Users\frank\AppData\Roaming\.minecraft\libraries
    Checksum validated
    Successfully copied local file
Considering library org.apache.logging.log4j:log4j-core:2.15.0
  Found artifact in local folder C:\Users\frank\AppData\Roaming\.minecraft\libraries
    Checksum validated
    Successfully copied local file
Building Processors
Finished!
